[2026-03-30 04:07:55] # python api_server.py
[2026-03-30 04:07:55] python: can't open file '/app/items/4/api_server.py': [Errno 2] No such file or directory
[2026-03-30 04:08:04] # pwd
[2026-03-30 04:08:04] /app/items/4
[2026-03-30 04:08:37] # cd ../.. && pwd && echo "=== 子目录列表 ===" && ls -la
[2026-03-30 04:08:37] /app
[2026-03-30 04:08:37] === 子目录列表 ===
[2026-03-30 04:08:37] total 148
[2026-03-30 04:08:37] drwxr-xr-x 1 root root   4096 Mar 30 02:34 .
[2026-03-30 04:08:37] drwxr-xr-x 1 root root   4096 Mar 30 02:26 ..
[2026-03-30 04:08:37] drwxr-xr-x 1 root root   4096 Mar 17 10:42 .venv
[2026-03-30 04:08:37] drwxr-xr-x 4 root root   4096 Mar 30 04:07 items
[2026-03-30 04:08:37] drwxrwxrwx 1 root root   4096 Mar 30 04:07 log
[2026-03-30 04:08:37] drwxr-xr-x 1 root root   4096 Mar 21 16:00 src
[2026-03-30 04:08:37] -rw-r--r-- 1 root root 117471 Mar 17 10:42 uv.lock
[2026-03-30 04:08:42] # pwd && echo "当前目录：" && ls -la
[2026-03-30 04:08:42] /app
[2026-03-30 04:08:42] 当前目录：
[2026-03-30 04:08:42] total 148
[2026-03-30 04:08:42] drwxr-xr-x 1 root root   4096 Mar 30 02:34 .
[2026-03-30 04:08:42] drwxr-xr-x 1 root root   4096 Mar 30 02:26 ..
[2026-03-30 04:08:42] drwxr-xr-x 1 root root   4096 Mar 17 10:42 .venv
[2026-03-30 04:08:42] drwxr-xr-x 4 root root   4096 Mar 30 04:07 items
[2026-03-30 04:08:42] drwxrwxrwx 1 root root   4096 Mar 30 04:07 log
[2026-03-30 04:08:42] drwxr-xr-x 1 root root   4096 Mar 21 16:00 src
[2026-03-30 04:08:42] -rw-r--r-- 1 root root 117471 Mar 17 10:42 uv.lock
[2026-03-30 04:08:45] # cd ../.. && echo "上级的上级目录：" && pwd && echo "=== 子目录列表 ===" && ls -la
[2026-03-30 04:08:45] 上级的上级目录：
[2026-03-30 04:08:45] /
[2026-03-30 04:08:45] === 子目录列表 ===
[2026-03-30 04:08:45] total 72
[2026-03-30 04:08:45] drwxr-xr-x   1 root root 4096 Mar 30 02:26 .
[2026-03-30 04:08:45] drwxr-xr-x   1 root root 4096 Mar 30 02:26 ..
[2026-03-30 04:08:45] -rwxr-xr-x   1 root root    0 Mar 30 02:26 .dockerenv
[2026-03-30 04:08:45] drwxr-xr-x   1 root root 4096 Mar 30 02:34 app
[2026-03-30 04:08:45] lrwxrwxrwx   1 root root    7 Mar  2 21:50 bin -> usr/bin
[2026-03-30 04:08:45] drwxr-xr-x   2 root root 4096 Mar  2 21:50 boot
[2026-03-30 04:08:45] drwxr-xr-x   5 root root  340 Mar 30 02:26 dev
[2026-03-30 04:08:45] drwxr-xr-x   1 root root 4096 Mar 30 02:26 etc
[2026-03-30 04:08:45] drwxr-xr-x   2 root root 4096 Mar  2 21:50 home
[2026-03-30 04:08:45] lrwxrwxrwx   1 root root    7 Mar  2 21:50 lib -> usr/lib
[2026-03-30 04:08:45] lrwxrwxrwx   1 root root    9 Mar  2 21:50 lib64 -> usr/lib64
[2026-03-30 04:08:45] drwxr-xr-x   2 root root 4096 Mar 16 00:00 media
[2026-03-30 04:08:45] drwxr-xr-x   2 root root 4096 Mar 16 00:00 mnt
[2026-03-30 04:08:45] drwxr-xr-x   2 root root 4096 Mar 16 00:00 opt
[2026-03-30 04:08:45] dr-xr-xr-x 279 root root    0 Mar 30 02:26 proc
[2026-03-30 04:08:45] drwx------   1 root root 4096 Mar 23 12:24 root
[2026-03-30 04:08:45] drwxr-xr-x   1 root root 4096 Mar 16 23:25 run
[2026-03-30 04:08:45] lrwxrwxrwx   1 root root    8 Mar  2 21:50 sbin -> usr/sbin
[2026-03-30 04:08:45] drwxr-xr-x   2 root root 4096 Mar 16 00:00 srv
[2026-03-30 04:08:45] dr-xr-xr-x  11 root root    0 Mar 30 03:59 sys
[2026-03-30 04:08:45] drwxrwxrwt   1 root root 4096 Mar 23 12:25 tmp
[2026-03-30 04:08:45] drwxr-xr-x   1 root root 4096 Mar 16 00:00 usr
[2026-03-30 04:08:45] drwxr-xr-x   1 root root 4096 Mar 16 00:00 var
[2026-03-30 04:08:51] # echo "当前目录：" && pwd && echo "" && echo "上级的上级目录：" && cd ../.. && pwd && echo "" && echo "子目录列表：" && ls -la
[2026-03-30 04:08:51] 当前目录：
[2026-03-30 04:08:51] /
[2026-03-30 04:08:51] 上级的上级目录：
[2026-03-30 04:08:51] /
[2026-03-30 04:08:51] drwxr-xr-x   2 root root 4096 Mar  2 21:50 boot
[2026-03-30 04:08:51] drwxr-xr-x   5 root root  340 Mar 30 02:26 dev
[2026-03-30 04:08:51] drwxr-xr-x   1 root root 4096 Mar 30 02:26 etc
[2026-03-30 04:08:51] drwxr-xr-x   2 root root 4096 Mar  2 21:50 home
[2026-03-30 04:08:51] lrwxrwxrwx   1 root root    7 Mar  2 21:50 lib -> usr/lib
[2026-03-30 04:08:51] lrwxrwxrwx   1 root root    9 Mar  2 21:50 lib64 -> usr/lib64
[2026-03-30 04:08:51] drwxr-xr-x   2 root root 4096 Mar 16 00:00 media
[2026-03-30 04:08:51] drwxr-xr-x   2 root root 4096 Mar 16 00:00 mnt
[2026-03-30 04:08:51] drwxr-xr-x   2 root root 4096 Mar 16 00:00 opt
[2026-03-30 04:08:51] dr-xr-xr-x 280 root root    0 Mar 30 02:26 proc
[2026-03-30 04:08:51] drwx------   1 root root 4096 Mar 23 12:24 root
[2026-03-30 04:08:51] drwxr-xr-x   1 root root 4096 Mar 16 23:25 run
[2026-03-30 04:08:51] lrwxrwxrwx   1 root root    8 Mar  2 21:50 sbin -> usr/sbin
[2026-03-30 04:08:51] drwxr-xr-x   2 root root 4096 Mar 16 00:00 srv
[2026-03-30 04:08:51] dr-xr-xr-x  11 root root    0 Mar 30 03:59 sys
[2026-03-30 04:08:51] drwxrwxrwt   1 root root 4096 Mar 23 12:25 tmp
[2026-03-30 04:08:51] drwxr-xr-x   1 root root 4096 Mar 16 00:00 usr
[2026-03-30 04:08:51] drwxr-xr-x   1 root root 4096 Mar 16 00:00 var
[2026-03-30 04:08:54] # ls -la ../../
[2026-03-30 04:08:54] total 72
[2026-03-30 04:08:54] drwxr-xr-x   1 root root 4096 Mar 30 02:26 .
[2026-03-30 04:08:54] drwxr-xr-x   1 root root 4096 Mar 30 02:26 ..
[2026-03-30 04:08:54] -rwxr-xr-x   1 root root    0 Mar 30 02:26 .dockerenv
[2026-03-30 04:08:54] drwxr-xr-x   1 root root 4096 Mar 30 02:34 app
[2026-03-30 04:08:54] lrwxrwxrwx   1 root root    7 Mar  2 21:50 bin -> usr/bin
[2026-03-30 04:08:54] drwxr-xr-x   2 root root 4096 Mar  2 21:50 boot
[2026-03-30 04:08:54] drwxr-xr-x   5 root root  340 Mar 30 02:26 dev
[2026-03-30 04:08:54] drwxr-xr-x   1 root root 4096 Mar 30 02:26 etc
[2026-03-30 04:08:54] drwxr-xr-x   2 root root 4096 Mar  2 21:50 home
[2026-03-30 04:08:54] lrwxrwxrwx   1 root root    7 Mar  2 21:50 lib -> usr/lib
[2026-03-30 04:08:54] lrwxrwxrwx   1 root root    9 Mar  2 21:50 lib64 -> usr/lib64
[2026-03-30 04:08:54] drwxr-xr-x   2 root root 4096 Mar 16 00:00 media
[2026-03-30 04:08:54] drwxr-xr-x   2 root root 4096 Mar 16 00:00 mnt
[2026-03-30 04:08:54] drwxr-xr-x   2 root root 4096 Mar 16 00:00 opt
[2026-03-30 04:08:54] dr-xr-xr-x 279 root root    0 Mar 30 02:26 proc
[2026-03-30 04:08:54] drwx------   1 root root 4096 Mar 23 12:24 root
[2026-03-30 04:08:54] drwxr-xr-x   1 root root 4096 Mar 16 23:25 run
[2026-03-30 04:08:54] lrwxrwxrwx   1 root root    8 Mar  2 21:50 sbin -> usr/sbin
[2026-03-30 04:08:54] drwxr-xr-x   2 root root 4096 Mar 16 00:00 srv
[2026-03-30 04:08:54] dr-xr-xr-x  11 root root    0 Mar 30 03:59 sys
[2026-03-30 04:08:54] drwxrwxrwt   1 root root 4096 Mar 23 12:25 tmp
[2026-03-30 04:08:54] drwxr-xr-x   1 root root 4096 Mar 16 00:00 usr
[2026-03-30 04:08:54] drwxr-xr-x   1 root root 4096 Mar 16 00:00 var
[2026-03-30 04:08:56] # find . -maxdepth 2 -type d | sort
[2026-03-30 04:08:56] .
[2026-03-30 04:08:56] ./app
[2026-03-30 04:08:56] ./app/.venv
[2026-03-30 04:08:56] ./app/items
[2026-03-30 04:08:56] ./app/log
[2026-03-30 04:08:56] ./app/src
[2026-03-30 04:08:56] ./boot
[2026-03-30 04:08:57] ./dev
[2026-03-30 04:08:57] ./dev/mqueue
[2026-03-30 04:08:57] ./dev/pts
[2026-03-30 04:08:57] ./dev/shm
[2026-03-30 04:08:57] ./etc
[2026-03-30 04:08:57] ./etc/ImageMagick-7
[2026-03-30 04:08:57] ./etc/X11
[2026-03-30 04:08:57] ./etc/alternatives
[2026-03-30 04:08:57] ./etc/apt
[2026-03-30 04:08:57] ./etc/bash_completion.d
[2026-03-30 04:08:57] ./etc/ca-certificates
[2026-03-30 04:08:57] ./etc/cron.daily
[2026-03-30 04:08:57] ./etc/default
[2026-03-30 04:08:57] ./etc/dpkg
[2026-03-30 04:08:57] ./etc/emacs
[2026-03-30 04:08:57] ./etc/fonts
[2026-03-30 04:08:57] ./etc/gss
[2026-03-30 04:08:57] ./etc/init.d
[2026-03-30 04:08:57] ./etc/kernel
[2026-03-30 04:08:57] ./etc/ld.so.conf.d
[2026-03-30 04:08:57] ./etc/logcheck
[2026-03-30 04:08:57] ./etc/logrotate.d
[2026-03-30 04:08:57] ./etc/mercurial
[2026-03-30 04:08:57] ./etc/mysql
[2026-03-30 04:08:57] ./etc/opt
[2026-03-30 04:08:57] ./etc/pam.d
[2026-03-30 04:08:57] ./etc/perl
[2026-03-30 04:08:57] ./etc/profile.d
[2026-03-30 04:08:57] ./etc/python3
[2026-03-30 04:08:57] ./etc/python3.13
[2026-03-30 04:08:57] ./etc/rc0.d
[2026-03-30 04:08:57] ./etc/rc1.d
[2026-03-30 04:08:57] ./etc/rc2.d
[2026-03-30 04:08:57] ./etc/rc3.d
[2026-03-30 04:08:57] ./etc/rc4.d
[2026-03-30 04:08:57] ./etc/rc5.d
[2026-03-30 04:08:57] ./etc/rc6.d
[2026-03-30 04:08:57] ./etc/rcS.d
[2026-03-30 04:08:57] ./etc/security
[2026-03-30 04:08:57] ./etc/selinux
[2026-03-30 04:08:57] ./etc/skel
[2026-03-30 04:08:57] ./etc/ssh
[2026-03-30 04:08:57] ./etc/ssl
[2026-03-30 04:08:57] ./etc/subversion
[2026-03-30 04:08:57] ./etc/sysctl.d
[2026-03-30 04:08:57] ./etc/systemd
[2026-03-30 04:08:57] ./etc/terminfo
[2026-03-30 04:08:57] ./etc/update-motd.d
[2026-03-30 04:08:57] ./home
[2026-03-30 04:08:57] ./media
[2026-03-30 04:08:57] ./mnt
[2026-03-30 04:08:57] ./opt
[2026-03-30 04:08:57] ./proc
[2026-03-30 04:08:57] ./proc/1
[2026-03-30 04:08:57] ./proc/18
[2026-03-30 04:08:57] ./proc/28
[2026-03-30 04:08:57] ./proc/29
[2026-03-30 04:08:57] ./proc/8
[2026-03-30 04:08:57] ./proc/acpi
[2026-03-30 04:08:57] ./proc/bus
[2026-03-30 04:08:57] ./proc/driver
[2026-03-30 04:08:57] ./proc/fs
[2026-03-30 04:08:57] ./proc/irq
[2026-03-30 04:08:57] ./proc/sys
[2026-03-30 04:08:57] ./proc/sysvipc
[2026-03-30 04:08:57] ./proc/tty
[2026-03-30 04:08:57] ./root
[2026-03-30 04:08:57] ./run
[2026-03-30 04:08:57] ./run/lock
[2026-03-30 04:08:57] ./srv
[2026-03-30 04:08:57] ./sys
[2026-03-30 04:08:57] ./sys/block
[2026-03-30 04:08:57] ./sys/bus
[2026-03-30 04:08:57] ./sys/class
[2026-03-30 04:08:57] ./sys/dev
[2026-03-30 04:08:57] ./sys/devices
[2026-03-30 04:08:57] ./sys/firmware
[2026-03-30 04:08:57] ./sys/fs
[2026-03-30 04:08:57] ./sys/kernel
[2026-03-30 04:08:57] ./sys/module
[2026-03-30 04:08:57] ./tmp
[2026-03-30 04:08:57] ./usr
[2026-03-30 04:08:57] ./usr/bin
[2026-03-30 04:08:57] ./usr/games
[2026-03-30 04:08:57] ./usr/include
[2026-03-30 04:08:57] ./usr/lib
[2026-03-30 04:08:57] ./usr/lib64
[2026-03-30 04:08:57] ./usr/libexec
[2026-03-30 04:08:57] ./usr/local
[2026-03-30 04:08:57] ./usr/sbin
[2026-03-30 04:08:57] ./usr/share
[2026-03-30 04:08:57] ./usr/src
[2026-03-30 04:08:57] ./var
[2026-03-30 04:08:57] ./var/backups
[2026-03-30 04:08:57] ./var/cache
[2026-03-30 04:08:57] ./var/lib
[2026-03-30 04:08:57] ./var/local
[2026-03-30 04:08:57] ./var/log
[2026-03-30 04:08:57] ./var/mail
[2026-03-30 04:08:57] ./var/opt
[2026-03-30 04:08:57] ./var/spool
[2026-03-30 04:08:57] ./var/tmp
[2026-03-30 04:09:00] # echo "当前目录：" && pwd && echo "" && echo "查看上级的上级目录：" && ls -la ../../
[2026-03-30 04:09:00] 当前目录：
[2026-03-30 04:09:00] /
[2026-03-30 04:09:00] 查看上级的上级目录：
[2026-03-30 04:09:00] total 72
[2026-03-30 04:09:00] drwxr-xr-x   1 root root 4096 Mar 30 02:26 .
[2026-03-30 04:09:00] drwxr-xr-x   1 root root 4096 Mar 30 02:26 ..
[2026-03-30 04:09:00] -rwxr-xr-x   1 root root    0 Mar 30 02:26 .dockerenv
[2026-03-30 04:09:00] drwxr-xr-x   1 root root 4096 Mar 30 02:34 app
[2026-03-30 04:09:00] lrwxrwxrwx   1 root root    7 Mar  2 21:50 bin -> usr/bin
[2026-03-30 04:09:00] drwxr-xr-x   2 root root 4096 Mar  2 21:50 boot
[2026-03-30 04:09:00] drwxr-xr-x   5 root root  340 Mar 30 02:26 dev
[2026-03-30 04:09:00] drwxr-xr-x   1 root root 4096 Mar 30 02:26 etc
[2026-03-30 04:09:00] drwxr-xr-x   2 root root 4096 Mar  2 21:50 home
[2026-03-30 04:09:00] lrwxrwxrwx   1 root root    7 Mar  2 21:50 lib -> usr/lib
[2026-03-30 04:09:00] lrwxrwxrwx   1 root root    9 Mar  2 21:50 lib64 -> usr/lib64
[2026-03-30 04:09:00] drwxr-xr-x   2 root root 4096 Mar 16 00:00 media
[2026-03-30 04:09:00] drwxr-xr-x   2 root root 4096 Mar 16 00:00 mnt
[2026-03-30 04:09:00] drwxr-xr-x   2 root root 4096 Mar 16 00:00 opt
[2026-03-30 04:09:00] dr-xr-xr-x 279 root root    0 Mar 30 02:26 proc
[2026-03-30 04:09:00] drwx------   1 root root 4096 Mar 23 12:24 root
[2026-03-30 04:09:00] drwxr-xr-x   1 root root 4096 Mar 16 23:25 run
[2026-03-30 04:09:00] lrwxrwxrwx   1 root root    8 Mar  2 21:50 sbin -> usr/sbin
[2026-03-30 04:09:00] drwxr-xr-x   2 root root 4096 Mar 16 00:00 srv
[2026-03-30 04:09:00] dr-xr-xr-x  11 root root    0 Mar 30 03:59 sys
[2026-03-30 04:09:00] drwxrwxrwt   1 root root 4096 Mar 23 12:25 tmp
[2026-03-30 04:09:00] drwxr-xr-x   1 root root 4096 Mar 16 00:00 usr
[2026-03-30 04:09:00] drwxr-xr-x   1 root root 4096 Mar 16 00:00 var
[2026-03-30 04:09:06] # pwd > /tmp/current_dir.txt && ls -la > /tmp/current_list.txt && ls -la ../../ > /tmp/parent_parent_list.txt
[2026-03-30 04:09:11] # echo "=== 当前目录 ===" && pwd && echo "=== 当前目录内容 ===" && ls -la && echo "=== 上级的上级目录内容 ===" && ls -la ../../
[2026-03-30 04:09:11] === 当前目录 ===
[2026-03-30 04:09:11] /
[2026-03-30 04:09:11] === 当前目录内容 ===
[2026-03-30 04:09:11] total 68
[2026-03-30 04:09:11] drwxr-xr-x   1 root root 4096 Mar 30 02:26 .
[2026-03-30 04:09:11] drwxr-xr-x   1 root root 4096 Mar 30 02:26 ..
[2026-03-30 04:09:11] -rwxr-xr-x   1 root root    0 Mar 30 02:26 .dockerenv
[2026-03-30 04:09:11] drwxr-xr-x   1 root root 4096 Mar 30 02:34 app
[2026-03-30 04:09:11] lrwxrwxrwx   1 root root    7 Mar  2 21:50 bin -> usr/bin
[2026-03-30 04:09:11] drwxr-xr-x   2 root root 4096 Mar  2 21:50 boot
[2026-03-30 04:09:11] drwxr-xr-x   5 root root  340 Mar 30 02:26 dev
[2026-03-30 04:09:11] drwxr-xr-x   1 root root 4096 Mar 30 02:26 etc
[2026-03-30 04:09:11] drwxr-xr-x   2 root root 4096 Mar  2 21:50 home
[2026-03-30 04:09:11] lrwxrwxrwx   1 root root    7 Mar  2 21:50 lib -> usr/lib
[2026-03-30 04:09:11] lrwxrwxrwx   1 root root    9 Mar  2 21:50 lib64 -> usr/lib64
[2026-03-30 04:09:11] drwxr-xr-x   2 root root 4096 Mar 16 00:00 media
[2026-03-30 04:09:11] drwxr-xr-x   2 root root 4096 Mar 16 00:00 mnt
[2026-03-30 04:09:11] drwxr-xr-x   2 root root 4096 Mar 16 00:00 opt
[2026-03-30 04:09:11] dr-xr-xr-x 279 root root    0 Mar 30 02:26 proc
[2026-03-30 04:09:11] drwx------   1 root root 4096 Mar 23 12:24 root
[2026-03-30 04:09:11] drwxr-xr-x   1 root root 4096 Mar 16 23:25 run
[2026-03-30 04:09:11] lrwxrwxrwx   1 root root    8 Mar  2 21:50 sbin -> usr/sbin
[2026-03-30 04:09:11] drwxr-xr-x   2 root root 4096 Mar 16 00:00 srv
[2026-03-30 04:09:11] dr-xr-xr-x  11 root root    0 Mar 30 03:59 sys
[2026-03-30 04:09:11] drwxrwxrwt   1 root root 4096 Mar 30 04:09 tmp
[2026-03-30 04:09:11] drwxr-xr-x   1 root root 4096 Mar 16 00:00 usr
[2026-03-30 04:09:11] drwxr-xr-x   1 root root 4096 Mar 16 00:00 var
[2026-03-30 04:09:11] === 上级的上级目录内容 ===
[2026-03-30 04:09:11] total 68
[2026-03-30 04:09:11] drwxr-xr-x   1 root root 4096 Mar 30 02:26 .
[2026-03-30 04:09:11] drwxr-xr-x   1 root root 4096 Mar 30 02:26 ..
[2026-03-30 04:09:11] -rwxr-xr-x   1 root root    0 Mar 30 02:26 .dockerenv
[2026-03-30 04:09:11] drwxr-xr-x   1 root root 4096 Mar 30 02:34 app
[2026-03-30 04:09:11] lrwxrwxrwx   1 root root    7 Mar  2 21:50 bin -> usr/bin
[2026-03-30 04:09:11] drwxr-xr-x   2 root root 4096 Mar  2 21:50 boot
[2026-03-30 04:09:11] drwxr-xr-x   5 root root  340 Mar 30 02:26 dev
[2026-03-30 04:09:11] drwxr-xr-x   1 root root 4096 Mar 30 02:26 etc
[2026-03-30 04:09:11] drwxr-xr-x   2 root root 4096 Mar  2 21:50 home
[2026-03-30 04:09:11] lrwxrwxrwx   1 root root    7 Mar  2 21:50 lib -> usr/lib
[2026-03-30 04:09:11] lrwxrwxrwx   1 root root    9 Mar  2 21:50 lib64 -> usr/lib64
[2026-03-30 04:09:11] drwxr-xr-x   2 root root 4096 Mar 16 00:00 media
[2026-03-30 04:09:11] drwxr-xr-x   2 root root 4096 Mar 16 00:00 mnt
[2026-03-30 04:09:11] drwxr-xr-x   2 root root 4096 Mar 16 00:00 opt
[2026-03-30 04:09:11] dr-xr-xr-x 279 root root    0 Mar 30 02:26 proc
[2026-03-30 04:09:11] drwx------   1 root root 4096 Mar 23 12:24 root
[2026-03-30 04:09:11] drwxr-xr-x   1 root root 4096 Mar 16 23:25 run
[2026-03-30 04:09:11] lrwxrwxrwx   1 root root    8 Mar  2 21:50 sbin -> usr/sbin
[2026-03-30 04:09:11] drwxr-xr-x   2 root root 4096 Mar 16 00:00 srv
[2026-03-30 04:09:11] dr-xr-xr-x  11 root root    0 Mar 30 03:59 sys
[2026-03-30 04:09:11] drwxrwxrwt   1 root root 4096 Mar 30 04:09 tmp
[2026-03-30 04:09:11] drwxr-xr-x   1 root root 4096 Mar 16 00:00 usr
[2026-03-30 04:09:11] drwxr-xr-x   1 root root 4096 Mar 16 00:00 var
[2026-03-30 04:09:25] # bash -c 'echo "当前目录: $(pwd)" && echo "上级的上级目录: $(cd ../.. && pwd)" && echo "子目录列表:" && cd ../.. && ls -la'
[2026-03-30 04:09:25] 当前目录: /
[2026-03-30 04:09:25] 上级的上级目录: /
[2026-03-30 04:09:25] 子目录列表:
[2026-03-30 04:09:25] total 68
[2026-03-30 04:09:25] drwxr-xr-x   1 root root 4096 Mar 30 02:26 .
[2026-03-30 04:09:25] drwxr-xr-x   1 root root 4096 Mar 30 02:26 ..
[2026-03-30 04:09:25] -rwxr-xr-x   1 root root    0 Mar 30 02:26 .dockerenv
[2026-03-30 04:09:25] drwxr-xr-x   1 root root 4096 Mar 30 02:34 app
[2026-03-30 04:09:25] lrwxrwxrwx   1 root root    7 Mar  2 21:50 bin -> usr/bin
[2026-03-30 04:09:25] drwxr-xr-x   2 root root 4096 Mar  2 21:50 boot
[2026-03-30 04:09:25] drwxr-xr-x   5 root root  340 Mar 30 02:26 dev
[2026-03-30 04:09:25] drwxr-xr-x   1 root root 4096 Mar 30 02:26 etc
[2026-03-30 04:09:25] drwxr-xr-x   2 root root 4096 Mar  2 21:50 home
[2026-03-30 04:09:25] lrwxrwxrwx   1 root root    7 Mar  2 21:50 lib -> usr/lib
[2026-03-30 04:09:25] lrwxrwxrwx   1 root root    9 Mar  2 21:50 lib64 -> usr/lib64
[2026-03-30 04:09:25] drwxr-xr-x   2 root root 4096 Mar 16 00:00 media
[2026-03-30 04:09:25] drwxr-xr-x   2 root root 4096 Mar 16 00:00 mnt
[2026-03-30 04:09:25] drwxr-xr-x   2 root root 4096 Mar 16 00:00 opt
[2026-03-30 04:09:25] dr-xr-xr-x 274 root root    0 Mar 30 02:26 proc
[2026-03-30 04:09:25] drwx------   1 root root 4096 Mar 23 12:24 root
[2026-03-30 04:09:25] drwxr-xr-x   1 root root 4096 Mar 16 23:25 run
[2026-03-30 04:09:25] lrwxrwxrwx   1 root root    8 Mar  2 21:50 sbin -> usr/sbin
[2026-03-30 04:09:25] drwxr-xr-x   2 root root 4096 Mar 16 00:00 srv
[2026-03-30 04:09:25] dr-xr-xr-x  11 root root    0 Mar 30 03:59 sys
[2026-03-30 04:09:25] drwxrwxrwt   1 root root 4096 Mar 30 04:09 tmp
[2026-03-30 04:09:25] drwxr-xr-x   1 root root 4096 Mar 16 00:00 usr
[2026-03-30 04:09:25] drwxr-xr-x   1 root root 4096 Mar 16 00:00 var
[2026-03-30 04:09:28] # ls /
[2026-03-30 04:09:28] app  boot  etc	 lib	media  opt   root  sbin  sys  usr
[2026-03-30 04:09:28] bin  dev   home  lib64	mnt    proc  run   srv	 tmp  var
[2026-03-30 04:09:33] # find /home -maxdepth 2 -type d 2>/dev/null | head -20
[2026-03-30 04:09:33] /home
[2026-03-30 04:09:49] # ls -la / > /tmp/root_list.txt
[2026-03-30 04:09:54] # echo $PWD > /tmp/pwd.txt && cat /tmp/pwd.txt
[2026-03-30 04:09:54] /
